[CLIP] Cache MISS for temp_new.png
[CLIP] Cache HIT for temp_new.png
[TEXT] Cache MISS for 'This is a test sente...'
[TEXT] Cache HIT for 'This is a test sente...'
[TEXT] Cache MISS for 'New title...'
[TEXT] Cache MISS for 'New description...'
[TEXT] Cache MISS for 'Existing title 0...'
[TEXT] Cache MISS for 'Existing title 1...'
[TEXT] Cache MISS for 'Existing title 2...'
[TEXT] Cache MISS for 'Existing title 3...'
[TEXT] Cache MISS for 'Existing title 4...'
[TEXT] Cache MISS for 'Existing description...'
[TEXT] Cache MISS for 'Existing description...'
[TEXT] Cache MISS for 'Existing description...'
[TEXT] Cache MISS for 'Existing description...'
[TEXT] Cache MISS for 'Existing description...'
[CLIP] Cache HIT for temp_new.png
[CLIP] Cache MISS for temp_ext.png
[CLIP] Cache HIT for temp_ext.png
[CLIP] Cache HIT for temp_ext.png
[CLIP] Cache HIT for temp_ext.png
[CLIP] Cache HIT for temp_ext.png
[AI-SERVICE] check_duplicate completed in 0.6020s. (TextSim=0.1964s, CLIPNew=0.0012s, Loop=0.4043s)
