{"level":"info","message":"Citizen Grievance Backend running on port 5000","service":"citizen-grievance-backend","timestamp":"2026-05-19 22:40:26"}
{"level":"info","message":"MongoDB connected: 127.0.0.1","service":"citizen-grievance-backend","timestamp":"2026-05-19 22:40:26"}
{"ip":"::1","level":"info","message":"GET /api/announcements?published=true 304 154ms","method":"GET","responseTimeMs":154,"service":"citizen-grievance-backend","statusCode":304,"timestamp":"2026-05-19 22:54:51","url":"/api/announcements?published=true"}
{"ip":"::1","level":"info","message":"GET /api/feedback/public 304 118ms","method":"GET","responseTimeMs":118,"service":"citizen-grievance-backend","statusCode":304,"timestamp":"2026-05-19 22:54:51","url":"/api/feedback/public"}
{"ip":"::1","level":"info","message":"GET /api/feedback/public 304 195ms","method":"GET","responseTimeMs":195,"service":"citizen-grievance-backend","statusCode":304,"timestamp":"2026-05-19 22:56:37","url":"/api/feedback/public"}
{"ip":"::1","level":"info","message":"GET /api/announcements?published=true 304 123ms","method":"GET","responseTimeMs":123,"service":"citizen-grievance-backend","statusCode":304,"timestamp":"2026-05-19 22:56:37","url":"/api/announcements?published=true"}
{"email":"zinudu@gmail.com","level":"info","message":"User login success","role":"citizen","service":"citizen-grievance-backend","timestamp":"2026-05-19 22:56:49"}
{"ip":"::1","level":"info","message":"POST /api/auth/login 200 270ms","method":"POST","responseTimeMs":270,"service":"citizen-grievance-backend","statusCode":200,"timestamp":"2026-05-19 22:56:49","url":"/api/auth/login"}
{"ip":"::1","level":"info","message":"GET /api/feedback/my 304 34ms","method":"GET","responseTimeMs":34,"service":"citizen-grievance-backend","statusCode":304,"timestamp":"2026-05-19 22:56:50","url":"/api/feedback/my"}
{"ip":"::1","level":"info","message":"GET /api/dashboard/stats 304 113ms","method":"GET","responseTimeMs":113,"service":"citizen-grievance-backend","statusCode":304,"timestamp":"2026-05-19 22:56:50","url":"/api/dashboard/stats"}
{"ip":"::1","level":"info","message":"GET /api/complaints 304 127ms","method":"GET","responseTimeMs":127,"service":"citizen-grievance-backend","statusCode":304,"timestamp":"2026-05-19 22:56:50","url":"/api/complaints"}
{"ip":"::1","level":"info","message":"GET /uploads/complaints/1779006016438-Garbage.jpg 304 8ms","method":"GET","responseTimeMs":8,"service":"citizen-grievance-backend","statusCode":304,"timestamp":"2026-05-19 22:56:50","url":"/uploads/complaints/1779006016438-Garbage.jpg"}
{"ip":"::1","level":"info","message":"GET /api/complaints/nearby?lat=13.018577377682403&lng=80.1750675253219 200 46ms","method":"GET","responseTimeMs":46,"service":"citizen-grievance-backend","statusCode":200,"timestamp":"2026-05-19 22:56:55","url":"/api/complaints/nearby?lat=13.018577377682403&lng=80.1750675253219"}
{"ip":"::1","level":"info","message":"GET /api/departments 304 19ms","method":"GET","responseTimeMs":19,"service":"citizen-grievance-backend","statusCode":304,"timestamp":"2026-05-19 22:57:29","url":"/api/departments"}
{"ip":"::1","level":"info","message":"GET /api/geo/nearby?lat=13.018577377682403&lng=80.1750675253219 200 262ms","method":"GET","responseTimeMs":262,"service":"citizen-grievance-backend","statusCode":200,"timestamp":"2026-05-19 22:57:29","url":"/api/geo/nearby?lat=13.018577377682403&lng=80.1750675253219"}
{"ip":"::1","level":"info","message":"POST /api/geo/reverse 200 919ms","method":"POST","responseTimeMs":919,"service":"citizen-grievance-backend","statusCode":200,"timestamp":"2026-05-19 22:57:30","url":"/api/geo/reverse"}
{"ip":"::1","level":"info","message":"GET /api/announcements?published=true 304 8ms","method":"GET","responseTimeMs":8,"service":"citizen-grievance-backend","statusCode":304,"timestamp":"2026-05-19 22:57:42","url":"/api/announcements?published=true"}
{"ip":"::1","level":"info","message":"GET /api/feedback/public 304 11ms","method":"GET","responseTimeMs":11,"service":"citizen-grievance-backend","statusCode":304,"timestamp":"2026-05-19 22:57:42","url":"/api/feedback/public"}
{"level":"info","message":"Citizen Grievance Backend running on port 5000","service":"citizen-grievance-backend","timestamp":"2026-05-19 22:58:34"}
{"level":"info","message":"MongoDB connected: 127.0.0.1","service":"citizen-grievance-backend","timestamp":"2026-05-19 22:58:34"}
